ADDR      HEX        BINARY (bit 31 ................................ bit 0)   SOURCE
00002000  c0002473   11000000000000000010010001110011   rdcycle s0
00002004  070000ef   00000111000000000000000011101111   jal  ra, sha_zknh
00002008  c00024f3   11000000000000000010010011110011   rdcycle s1
0000200c  408487b3   01000000100001001000011110110011   sub  a5, s1, s0
00002010  028000ef   00000010100000000000000011101111   jal  ra, count_ok
00002014  00050693   00000000000001010000011010010011   mv   a3, a0
00002018  c0002473   11000000000000000010010001110011   rdcycle s0
0000201c  1b8000ef   00011011100000000000000011101111   jal  ra, sha_rv64
00002020  c00024f3   11000000000000000010010011110011   rdcycle s1
00002024  40848833   01000000100001001000100000110011   sub  a6, s1, s0
00002028  010000ef   00000001000000000000000011101111   jal  ra, count_ok
0000202c  00050713   00000000000001010000011100010011   mv   a4, a0
00002030  51e0d073   01010001111000001101000001110011   halt
00002034  0000006f   00000000000000000000000001101111     (expansion)
00002038  00000297   00000000000000000000001010010111   la   t0, digest
0000203c  3d028293   00111101000000101000001010010011     (expansion)
00002040  00000317   00000000000000000000001100010111   la   t1, expected
00002044  3a830313   00111010100000110000001100010011     (expansion)
00002048  00000513   00000000000000000000010100010011   li   a0, 0
0000204c  00800393   00000000100000000000001110010011   li   t2, 8
00002050  0002ae03   00000000000000101010111000000011   lw   t3, 0(t0)
00002054  00032e83   00000000000000110010111010000011   lw   t4, 0(t1)
00002058  01de1463   00000001110111100001010001100011   bne  t3, t4, count_skip
0000205c  00150513   00000000000101010000010100010011   addi a0, a0, 1
00002060  00428293   00000000010000101000001010010011   addi t0, t0, 4
00002064  00430313   00000000010000110000001100010011   addi t1, t1, 4
00002068  fff38393   11111111111100111000001110010011   addi t2, t2, -1
0000206c  fe0392e3   11111110000000111001001011100011   bnez t2, count_loop
00002070  00008067   00000000000000001000000001100111   ret
00002074  00000297   00000000000000000000001010010111   la   t0, h_init
00002078  35428293   00110101010000101000001010010011     (expansion)
0000207c  0002a903   00000000000000101010100100000011   lw   s2, 0(t0)
00002080  0042a983   00000000010000101010100110000011   lw   s3, 4(t0)
00002084  0082aa03   00000000100000101010101000000011   lw   s4, 8(t0)
00002088  00c2aa83   00000000110000101010101010000011   lw   s5, 12(t0)
0000208c  0102ab03   00000001000000101010101100000011   lw   s6, 16(t0)
00002090  0142ab83   00000001010000101010101110000011   lw   s7, 20(t0)
00002094  0182ac03   00000001100000101010110000000011   lw   s8, 24(t0)
00002098  01c2ac83   00000001110000101010110010000011   lw   s9, 28(t0)
0000209c  00000d17   00000000000000000000110100010111   la   s10, w
000020a0  48cd0d13   01001000110011010000110100010011     (expansion)
000020a4  04000293   00000100000000000000001010010011   li   t0, 64
000020a8  10000f13   00010000000000000000111100010011   li   t5, 256
000020ac  005d0333   00000000010111010000001100110011   add  t1, s10, t0
000020b0  ff832383   11111111100000110010001110000011   lw   t2, -8(t1)        # W[t-2]
000020b4  fc432e03   11111100010000110010111000000011   lw   t3, -60(t1)       # W[t-15]
000020b8  10339513   00010000001100111001010100010011   sha256sig1 a0, t2
000020bc  102e1593   00010000001011100001010110010011   sha256sig0 a1, t3
000020c0  fe432383   11111110010000110010001110000011   lw   t2, -28(t1)       # W[t-7]
000020c4  fc032e03   11111100000000110010111000000011   lw   t3, -64(t1)       # W[t-16]
000020c8  00b5053b   00000000101101010000010100111011   addw a0, a0, a1
000020cc  0075053b   00000000011101010000010100111011   addw a0, a0, t2
000020d0  01c5053b   00000001110001010000010100111011   addw a0, a0, t3
000020d4  00a32023   00000000101000110010000000100011   sw   a0, 0(t1)
000020d8  00428293   00000000010000101000001010010011   addi t0, t0, 4
000020dc  fde298e3   11111101111000101001100011100011   bne  t0, t5, sha_zknh_sched
000020e0  00000d97   00000000000000000000110110010111   la   s11, k
000020e4  348d8d93   00110100100011011000110110010011     (expansion)
000020e8  00000293   00000000000000000000001010010011   li   t0, 0
000020ec  005d8333   00000000010111011000001100110011   add  t1, s11, t0
000020f0  00032383   00000000000000110010001110000011   lw   t2, 0(t1)         # K[t]
000020f4  005d0333   00000000010111010000001100110011   add  t1, s10, t0
000020f8  00032e03   00000000000000110010111000000011   lw   t3, 0(t1)         # W[t]
000020fc  007c8ebb   00000000011111001000111010111011   addw t4, s9, t2
00002100  01ce8ebb   00000001110011101000111010111011   addw t4, t4, t3
00002104  101b1513   00010000000110110001010100010011   sha256sum1 a0, s6
00002108  00ae8ebb   00000000101011101000111010111011   addw t4, t4, a0
0000210c  017b75b3   00000001011110110111010110110011   and  a1, s6, s7
00002110  416c7633   01000001011011000111011000110011   andn a2, s8, s6       # Ch = (e & f) ^ (~e & g)
00002114  00c5c5b3   00000000110001011100010110110011   xor  a1, a1, a2
00002118  00be8ebb   00000000101111101000111010111011   addw t4, t4, a1   # T1
0000211c  10091513   00010000000010010001010100010011   sha256sum0 a0, s2
00002120  013975b3   00000001001110010111010110110011   and  a1, s2, s3
00002124  01497633   00000001010010010111011000110011   and  a2, s2, s4
00002128  00c5c5b3   00000000110001011100010110110011   xor  a1, a1, a2
0000212c  0149f633   00000001010010011111011000110011   and  a2, s3, s4
00002130  00c5c5b3   00000000110001011100010110110011   xor  a1, a1, a2   # Maj
00002134  00b5053b   00000000101101010000010100111011   addw a0, a0, a1   # T2
00002138  000c0c93   00000000000011000000110010010011   mv   s9, s8
0000213c  000b8c13   00000000000010111000110000010011   mv   s8, s7
00002140  000b0b93   00000000000010110000101110010011   mv   s7, s6
00002144  01da8b3b   00000001110110101000101100111011   addw s6, s5, t4
00002148  000a0a93   00000000000010100000101010010011   mv   s5, s4
0000214c  00098a13   00000000000010011000101000010011   mv   s4, s3
00002150  00090993   00000000000010010000100110010011   mv   s3, s2
00002154  00ae893b   00000000101011101000100100111011   addw s2, t4, a0
00002158  00428293   00000000010000101000001010010011   addi t0, t0, 4
0000215c  f9e298e3   11111001111000101001100011100011   bne  t0, t5, sha_zknh_round
00002160  00000297   00000000000000000000001010010111   la   t0, h_init
00002164  26828293   00100110100000101000001010010011     (expansion)
00002168  00000317   00000000000000000000001100010111   la   t1, digest
0000216c  2a030313   00101010000000110000001100010011     (expansion)
00002170  0002a383   00000000000000101010001110000011   lw   t2, 0(t0)
00002174  012383bb   00000001001000111000001110111011   addw t2, t2, s2
00002178  00732023   00000000011100110010000000100011   sw   t2, 0(t1)
0000217c  0042a383   00000000010000101010001110000011   lw   t2, 4(t0)
00002180  013383bb   00000001001100111000001110111011   addw t2, t2, s3
00002184  00732223   00000000011100110010001000100011   sw   t2, 4(t1)
00002188  0082a383   00000000100000101010001110000011   lw   t2, 8(t0)
0000218c  014383bb   00000001010000111000001110111011   addw t2, t2, s4
00002190  00732423   00000000011100110010010000100011   sw   t2, 8(t1)
00002194  00c2a383   00000000110000101010001110000011   lw   t2, 12(t0)
00002198  015383bb   00000001010100111000001110111011   addw t2, t2, s5
0000219c  00732623   00000000011100110010011000100011   sw   t2, 12(t1)
000021a0  0102a383   00000001000000101010001110000011   lw   t2, 16(t0)
000021a4  016383bb   00000001011000111000001110111011   addw t2, t2, s6
000021a8  00732823   00000000011100110010100000100011   sw   t2, 16(t1)
000021ac  0142a383   00000001010000101010001110000011   lw   t2, 20(t0)
000021b0  017383bb   00000001011100111000001110111011   addw t2, t2, s7
000021b4  00732a23   00000000011100110010101000100011   sw   t2, 20(t1)
000021b8  0182a383   00000001100000101010001110000011   lw   t2, 24(t0)
000021bc  018383bb   00000001100000111000001110111011   addw t2, t2, s8
000021c0  00732c23   00000000011100110010110000100011   sw   t2, 24(t1)
000021c4  01c2a383   00000001110000101010001110000011   lw   t2, 28(t0)
000021c8  019383bb   00000001100100111000001110111011   addw t2, t2, s9
000021cc  00732e23   00000000011100110010111000100011   sw   t2, 28(t1)
000021d0  00008067   00000000000000001000000001100111   ret
000021d4  00000297   00000000000000000000001010010111   la   t0, h_init
000021d8  1f428293   00011111010000101000001010010011     (expansion)
000021dc  0002a903   00000000000000101010100100000011   lw   s2, 0(t0)
000021e0  0042a983   00000000010000101010100110000011   lw   s3, 4(t0)
000021e4  0082aa03   00000000100000101010101000000011   lw   s4, 8(t0)
000021e8  00c2aa83   00000000110000101010101010000011   lw   s5, 12(t0)
000021ec  0102ab03   00000001000000101010101100000011   lw   s6, 16(t0)
000021f0  0142ab83   00000001010000101010101110000011   lw   s7, 20(t0)
000021f4  0182ac03   00000001100000101010110000000011   lw   s8, 24(t0)
000021f8  01c2ac83   00000001110000101010110010000011   lw   s9, 28(t0)
000021fc  00000d17   00000000000000000000110100010111   la   s10, w
00002200  32cd0d13   00110010110011010000110100010011     (expansion)
00002204  04000293   00000100000000000000001010010011   li   t0, 64
00002208  10000f13   00010000000000000000111100010011   li   t5, 256
0000220c  005d0333   00000000010111010000001100110011   add  t1, s10, t0
00002210  ff832383   11111111100000110010001110000011   lw   t2, -8(t1)        # W[t-2]
00002214  fc432e03   11111100010000110010111000000011   lw   t3, -60(t1)       # W[t-15]
00002218  0113d81b   00000001000100111101100000011011   srliw a6, t2, 17
0000221c  00f3989b   00000000111100111001100010011011   slliw a7, t2, 15
00002220  01186533   00000001000110000110010100110011   or   a0, a6, a7
00002224  0133d81b   00000001001100111101100000011011   srliw a6, t2, 19
00002228  00d3989b   00000000110100111001100010011011   slliw a7, t2, 13
0000222c  01186fb3   00000001000110000110111110110011   or   t6, a6, a7
00002230  01f54533   00000001111101010100010100110011   xor  a0, a0, t6
00002234  00a3df9b   00000000101000111101111110011011   srliw t6, t2, 10
00002238  01f54533   00000001111101010100010100110011   xor  a0, a0, t6
0000223c  007e581b   00000000011111100101100000011011   srliw a6, t3, 7
00002240  019e189b   00000001100111100001100010011011   slliw a7, t3, 25
00002244  011865b3   00000001000110000110010110110011   or   a1, a6, a7
00002248  012e581b   00000001001011100101100000011011   srliw a6, t3, 18
0000224c  00ee189b   00000000111011100001100010011011   slliw a7, t3, 14
00002250  01186fb3   00000001000110000110111110110011   or   t6, a6, a7
00002254  01f5c5b3   00000001111101011100010110110011   xor  a1, a1, t6
00002258  003e5f9b   00000000001111100101111110011011   srliw t6, t3, 3
0000225c  01f5c5b3   00000001111101011100010110110011   xor  a1, a1, t6
00002260  fe432383   11111110010000110010001110000011   lw   t2, -28(t1)       # W[t-7]
00002264  fc032e03   11111100000000110010111000000011   lw   t3, -64(t1)       # W[t-16]
00002268  00b5053b   00000000101101010000010100111011   addw a0, a0, a1
0000226c  0075053b   00000000011101010000010100111011   addw a0, a0, t2
00002270  01c5053b   00000001110001010000010100111011   addw a0, a0, t3
00002274  00a32023   00000000101000110010000000100011   sw   a0, 0(t1)
00002278  00428293   00000000010000101000001010010011   addi t0, t0, 4
0000227c  f9e298e3   11111001111000101001100011100011   bne  t0, t5, sha_rv64_sched
00002280  00000d97   00000000000000000000110110010111   la   s11, k
00002284  1a8d8d93   00011010100011011000110110010011     (expansion)
00002288  00000293   00000000000000000000001010010011   li   t0, 0
0000228c  005d8333   00000000010111011000001100110011   add  t1, s11, t0
00002290  00032383   00000000000000110010001110000011   lw   t2, 0(t1)         # K[t]
00002294  005d0333   00000000010111010000001100110011   add  t1, s10, t0
00002298  00032e03   00000000000000110010111000000011   lw   t3, 0(t1)         # W[t]
0000229c  007c8ebb   00000000011111001000111010111011   addw t4, s9, t2
000022a0  01ce8ebb   00000001110011101000111010111011   addw t4, t4, t3
000022a4  006b581b   00000000011010110101100000011011   srliw a6, s6, 6
000022a8  01ab189b   00000001101010110001100010011011   slliw a7, s6, 26
000022ac  01186533   00000001000110000110010100110011   or   a0, a6, a7
000022b0  00bb581b   00000000101110110101100000011011   srliw a6, s6, 11
000022b4  015b189b   00000001010110110001100010011011   slliw a7, s6, 21
000022b8  01186fb3   00000001000110000110111110110011   or   t6, a6, a7
000022bc  01f54533   00000001111101010100010100110011   xor  a0, a0, t6
000022c0  019b581b   00000001100110110101100000011011   srliw a6, s6, 25
000022c4  007b189b   00000000011110110001100010011011   slliw a7, s6, 7
000022c8  01186fb3   00000001000110000110111110110011   or   t6, a6, a7
000022cc  01f54533   00000001111101010100010100110011   xor  a0, a0, t6
000022d0  00ae8ebb   00000000101011101000111010111011   addw t4, t4, a0
000022d4  017b75b3   00000001011110110111010110110011   and  a1, s6, s7
000022d8  416c7633   01000001011011000111011000110011   andn a2, s8, s6       # Ch = (e & f) ^ (~e & g)
000022dc  00c5c5b3   00000000110001011100010110110011   xor  a1, a1, a2
000022e0  00be8ebb   00000000101111101000111010111011   addw t4, t4, a1   # T1
000022e4  0029581b   00000000001010010101100000011011   srliw a6, s2, 2
000022e8  01e9189b   00000001111010010001100010011011   slliw a7, s2, 30
000022ec  01186533   00000001000110000110010100110011   or   a0, a6, a7
000022f0  00d9581b   00000000110110010101100000011011   srliw a6, s2, 13
000022f4  0139189b   00000001001110010001100010011011   slliw a7, s2, 19
000022f8  01186fb3   00000001000110000110111110110011   or   t6, a6, a7
000022fc  01f54533   00000001111101010100010100110011   xor  a0, a0, t6
00002300  0169581b   00000001011010010101100000011011   srliw a6, s2, 22
00002304  00a9189b   00000000101010010001100010011011   slliw a7, s2, 10
00002308  01186fb3   00000001000110000110111110110011   or   t6, a6, a7
0000230c  01f54533   00000001111101010100010100110011   xor  a0, a0, t6
00002310  013975b3   00000001001110010111010110110011   and  a1, s2, s3
00002314  01497633   00000001010010010111011000110011   and  a2, s2, s4
00002318  00c5c5b3   00000000110001011100010110110011   xor  a1, a1, a2
0000231c  0149f633   00000001010010011111011000110011   and  a2, s3, s4
00002320  00c5c5b3   00000000110001011100010110110011   xor  a1, a1, a2   # Maj
00002324  00b5053b   00000000101101010000010100111011   addw a0, a0, a1   # T2
00002328  000c0c93   00000000000011000000110010010011   mv   s9, s8
0000232c  000b8c13   00000000000010111000110000010011   mv   s8, s7
00002330  000b0b93   00000000000010110000101110010011   mv   s7, s6
00002334  01da8b3b   00000001110110101000101100111011   addw s6, s5, t4
00002338  000a0a93   00000000000010100000101010010011   mv   s5, s4
0000233c  00098a13   00000000000010011000101000010011   mv   s4, s3
00002340  00090993   00000000000010010000100110010011   mv   s3, s2
00002344  00ae893b   00000000101011101000100100111011   addw s2, t4, a0
00002348  00428293   00000000010000101000001010010011   addi t0, t0, 4
0000234c  f5e290e3   11110101111000101001000011100011   bne  t0, t5, sha_rv64_round
00002350  00000297   00000000000000000000001010010111   la   t0, h_init
00002354  07828293   00000111100000101000001010010011     (expansion)
00002358  00000317   00000000000000000000001100010111   la   t1, digest
0000235c  0b030313   00001011000000110000001100010011     (expansion)
00002360  0002a383   00000000000000101010001110000011   lw   t2, 0(t0)
00002364  012383bb   00000001001000111000001110111011   addw t2, t2, s2
00002368  00732023   00000000011100110010000000100011   sw   t2, 0(t1)
0000236c  0042a383   00000000010000101010001110000011   lw   t2, 4(t0)
00002370  013383bb   00000001001100111000001110111011   addw t2, t2, s3
00002374  00732223   00000000011100110010001000100011   sw   t2, 4(t1)
00002378  0082a383   00000000100000101010001110000011   lw   t2, 8(t0)
0000237c  014383bb   00000001010000111000001110111011   addw t2, t2, s4
00002380  00732423   00000000011100110010010000100011   sw   t2, 8(t1)
00002384  00c2a383   00000000110000101010001110000011   lw   t2, 12(t0)
00002388  015383bb   00000001010100111000001110111011   addw t2, t2, s5
0000238c  00732623   00000000011100110010011000100011   sw   t2, 12(t1)
00002390  0102a383   00000001000000101010001110000011   lw   t2, 16(t0)
00002394  016383bb   00000001011000111000001110111011   addw t2, t2, s6
00002398  00732823   00000000011100110010100000100011   sw   t2, 16(t1)
0000239c  0142a383   00000001010000101010001110000011   lw   t2, 20(t0)
000023a0  017383bb   00000001011100111000001110111011   addw t2, t2, s7
000023a4  00732a23   00000000011100110010101000100011   sw   t2, 20(t1)
000023a8  0182a383   00000001100000101010001110000011   lw   t2, 24(t0)
000023ac  018383bb   00000001100000111000001110111011   addw t2, t2, s8
000023b0  00732c23   00000000011100110010110000100011   sw   t2, 24(t1)
000023b4  01c2a383   00000001110000101010001110000011   lw   t2, 28(t0)
000023b8  019383bb   00000001100100111000001110111011   addw t2, t2, s9
000023bc  00732e23   00000000011100110010111000100011   sw   t2, 28(t1)
000023c0  00008067   00000000000000001000000001100111   ret
000023c4  [4 data bytes] 00 00 00 00                     .align 3
000023c8  [32 data bytes] 67 e6 09 6a 85 ae 67 bb ...     .word 0x6a09e667, 0xbb67ae85, 0x3c6ef372, 0xa54ff53a, 0x510e527f, 0x9b05688c, 0x1f83d9ab, 0x5be0cd19
000023e8  [32 data bytes] bf 16 78 ba ea cf 01 8f ...     .word 0xba7816bf, 0x8f01cfea, 0x414140de, 0x5dae2223, 0xb00361a3, 0x96177a9c, 0xb410ff61, 0xf20015ad
00002408  [32 data bytes] 00 00 00 00 00 00 00 00 ...     .zero 32
00002428  [32 data bytes] 98 2f 8a 42 91 44 37 71 ...     .word 0x428a2f98, 0x71374491, 0xb5c0fbcf, 0xe9b5dba5, 0x3956c25b, 0x59f111f1, 0x923f82a4, 0xab1c5ed5
00002448  [32 data bytes] 98 aa 07 d8 01 5b 83 12 ...     .word 0xd807aa98, 0x12835b01, 0x243185be, 0x550c7dc3, 0x72be5d74, 0x80deb1fe, 0x9bdc06a7, 0xc19bf174
00002468  [32 data bytes] c1 69 9b e4 86 47 be ef ...     .word 0xe49b69c1, 0xefbe4786, 0x0fc19dc6, 0x240ca1cc, 0x2de92c6f, 0x4a7484aa, 0x5cb0a9dc, 0x76f988da
00002488  [32 data bytes] 52 51 3e 98 6d c6 31 a8 ...     .word 0x983e5152, 0xa831c66d, 0xb00327c8, 0xbf597fc7, 0xc6e00bf3, 0xd5a79147, 0x06ca6351, 0x14292967
000024a8  [32 data bytes] 85 0a b7 27 38 21 1b 2e ...     .word 0x27b70a85, 0x2e1b2138, 0x4d2c6dfc, 0x53380d13, 0x650a7354, 0x766a0abb, 0x81c2c92e, 0x92722c85
000024c8  [32 data bytes] a1 e8 bf a2 4b 66 1a a8 ...     .word 0xa2bfe8a1, 0xa81a664b, 0xc24b8b70, 0xc76c51a3, 0xd192e819, 0xd6990624, 0xf40e3585, 0x106aa070
000024e8  [32 data bytes] 16 c1 a4 19 08 6c 37 1e ...     .word 0x19a4c116, 0x1e376c08, 0x2748774c, 0x34b0bcb5, 0x391c0cb3, 0x4ed8aa4a, 0x5b9cca4f, 0x682e6ff3
00002508  [32 data bytes] ee 82 8f 74 6f 63 a5 78 ...     .word 0x748f82ee, 0x78a5636f, 0x84c87814, 0x8cc70208, 0x90befffa, 0xa4506ceb, 0xbef9a3f7, 0xc67178f2
00002528  [32 data bytes] 80 63 62 61 00 00 00 00 ...     .word 0x61626380, 0x00000000, 0x00000000, 0x00000000, 0x00000000, 0x00000000, 0x00000000, 0x00000000
00002548  [32 data bytes] 00 00 00 00 00 00 00 00 ...     .word 0x00000000, 0x00000000, 0x00000000, 0x00000000, 0x00000000, 0x00000000, 0x00000000, 0x00000018
00002568  [192 data bytes] 00 00 00 00 00 00 00 00 ...     .zero 192
